LAB2-1                                                                                                        PAGE 1

                       1    $MOD52                          
                       2    
                       3    ;x1 - P0.0
                       4    ;x2 - P0.1
                       5    ;x3 - P0.2
                       6    ;x4 - P0.3
                       7    
                       8    ;f = 0 - P1 = 000h
                       9    ;f = 1 - P1 = 0FFh
                      10    
----                  11    CSEG
0000                  12    ORG 00h
                      13            ;Разделяем входные булевы переменные в младши
                                                                               е разряды регистров R0-R
                                                                               3
0000 E580             14            mov A, P0
0002 F8               15            mov R0, A; Младший бит R0 - x1
0003 03               16            rr A
0004 F9               17            mov R1, A; Младший бит R1 - x2
0005 03               18            rr A
0006 FA               19            mov R2, A; Младший бит R2 - x3
0007 03               20            rr A
0008 FB               21            mov R3, A; Младший бит R3 - x4
                      22            ;Вычисляем значение функции
0009 EA               23            mov A, R2
000A F4               24            cpl A
000B FA               25            mov R2, A; Младший бит R2 - not x3
                      26            
000C E8               27            mov A, R0
000D 69               28            xrl A, R1
000E F8               29            mov R0, A; Младший бит R0 - x1 xor x2
                      30            
000F EA               31            mov A, R2
0010 4B               32            orl A, R3
0011 FA               33            mov R2, A; Младший бит R2 - not x3 or x4
                      34            
0012 E8               35            mov A, R0
0013 5A               36            anl A, R2
0014 5401             37            anl A, #01h; Оставляем только младший бит
                      38            ;mov R0, A; Младший бит R0 - (x1 xor x2)(not x3 or x4)
                      39            
                      40            ;Выводим результат на порт P1
0016 C3               41            clr C
0017 9401             42            subb A, #01h
0019 6006             43            jz one
                      44            ; Если значение функции оказалось равным 0
001B 759000           45            mov P1, #00h
001E 020024           46            jmp lp
0021                  47    one:
                      48            ; Если значение функции оказалось равным 1
0021 7590FF           49            mov P1, #0FFh
0024                  50    lp:
0024 80FE             51            jmp lp
                      52    
                      53    END

VERSION 1.2h ASSEMBLY COMPLETE, 0 ERRORS FOUND
LAB2-1                                                                                                        PAGE 2

LP . . . . . . . . . . . . . . .  C ADDR  0024H  
ONE. . . . . . . . . . . . . . .  C ADDR  0021H  
P0 . . . . . . . . . . . . . . .  D ADDR  0080H  PREDEFINED  
P1 . . . . . . . . . . . . . . .  D ADDR  0090H  PREDEFINED  
