LAB2-2                                                                                                        PAGE 1

                       1    $MOD52                          
                       2    
                       3    ;x1 - P0.0
                       4    ;x2 - P0.1
                       5    ;x3 - P0.2
                       6    ;x4 - P0.3
                       7    
                       8    ;f = 0 - P1 = 000h
                       9    ;f = 1 - P1 = 0FFh
                      10    
----                  11    CSEG
0000                  12    ORG 00h
0000 E580             13            mov A, P0
0002 13               14            rrc A; Бит переноса содержит x1
0003 4012             15            jc x1_1
0005 13               16            rrc A; Бит переноса содержит x2
0006 4006             17            jc x1_0_x2_1_or_x1_1_x2_0
0008 759000           18            mov P1, #00h
000B 02002C           19            jmp lp
                      20    
000E                  21    x1_0_x2_1_or_x1_1_x2_0:
000E 13               22            rrc A; Бит переноса содержит x3
000F 400F             23            jc x3_1
0011 85FF90           24            mov P1, 0FFh
0014 02002C           25            jmp lp
                      26            
0017                  27    x1_1:
0017 13               28            rrc A; Бит переноса содержит x2
0018 50F4             29            jnc x1_0_x2_1_or_x1_1_x2_0
001A 850090           30            mov P1, 00h
001D 02002C           31            jmp lp
                      32            
0020                  33    x3_1:
0020 13               34            rrc A; Бит переноса содержит x4
0021 4006             35            jc x4_1
0023 759000           36            mov P1, #00h
0026 02002C           37            jmp lp
                      38            
0029                  39    x4_1:
0029 85FF90           40            mov P1, 0FFh
                      41            
002C                  42    lp:
002C 80FE             43            jmp lp
                      44    
                      45    END

VERSION 1.2h ASSEMBLY COMPLETE, 0 ERRORS FOUND
LAB2-2                                                                                                        PAGE 2

LP . . . . . . . . . . . . . . .  C ADDR  002CH  
P0 . . . . . . . . . . . . . . .  D ADDR  0080H  PREDEFINED  
P1 . . . . . . . . . . . . . . .  D ADDR  0090H  PREDEFINED  
X1_0_X2_1_OR_X1_1_X2_0 . . . . .  C ADDR  000EH  
X1_1 . . . . . . . . . . . . . .  C ADDR  0017H  
X3_1 . . . . . . . . . . . . . .  C ADDR  0020H  
X4_1 . . . . . . . . . . . . . .  C ADDR  0029H  
